
> san-fren-next@0.1.0 build
> next build

Γû▓ Next.js 16.1.3 (Turbopack)

  Creating an optimized production build ...
Γ£ô Compiled successfully in 3.3s
  Running TypeScript ...
  Collecting page data using 7 workers ...
  Generating static pages using 7 workers (0/8) ...
node.exe : Error occurred prerendering page 
"/services". Read more: 
https://nextjs.org/docs/messages/prerender-error
At line:1 char:1
+ & "C:\Program Files\nodejs/node.exe" 
"C:\Program Files\nodejs/node_mo ...
+ ~~~~~~~~~~~~~~~~~~~~~~~~~~~~~~~~~~~~~~~~~~~~~~~~
~~~~~~~~~~~~~~~~~~~~~
    + CategoryInfo          : NotSpecified: (Erro 
   r occurred ...prerender-error:String) [], Rem  
  oteException
    + FullyQualifiedErrorId : NativeCommandError
 
TypeError: d.default.useState is not a function 
or its return value is not iterable
    at f (D:\San-Fren-Projects\san-fren-next\.next
\server\chunks\ssr\[root-of-the-server]__7f53820c.
_.js:3:1862)
    at stringify (<anonymous>) {
  digest: '2092118923'
}
Export encountered an error on /services/page: 
/services, exiting the build.
Γ¿» Next.js build worker exited with code: 1 and 
signal: null
